// Jest Snapshot v1, https://goo.gl/fbAQLP

exports[`<CardContainer /> should match snapshot 1`] = `
ShallowWrapper {
  "length": 1,
  Symbol(enzyme.__root__): [Circular],
  Symbol(enzyme.__unrendered__): <CardContainer
    comments={
        Array [
            Object {
              "comments": Array [
                Object {
                  "body": "Yes but it's important",
                },
                Object {
                  "body": "Here is a link to the progression docs: LINK",
                },
              ],
            },
          ]
    }
    filteredDiscussions={
        Array [
            Object {
              "discussions": Array [
                Object {
                  "body": "Didn't kids get this in Grade 5? I'm confused about why it's in the standards.",
                  "tagTitle": "6.RP.A.1",
                  "title": "Unit Rate",
                },
              ],
              "id": 1,
              "tagTitle": "6.RP.A.1",
            },
          ]
    }
/>,
  Symbol(enzyme.__renderer__): Object {
    "batchedUpdates": [Function],
    "getNode": [Function],
    "render": [Function],
    "simulateEvent": [Function],
    "unmount": [Function],
  },
  Symbol(enzyme.__node__): Object {
    "instance": null,
    "key": undefined,
    "nodeType": "host",
    "props": Object {
      "children": Array [
        <h2
          className="discussions-heading"
>
          Discussions
</h2>,
        Array [
          <DiscussionCard
            comments={
                        Array [
                                    Object {
                                      "comments": Array [
                                        Object {
                                          "body": "Yes but it's important",
                                        },
                                        Object {
                                          "body": "Here is a link to the progression docs: LINK",
                                        },
                                      ],
                                    },
                                  ]
            }
            discussion={
                        Object {
                                    "discussions": Array [
                                      Object {
                                        "body": "Didn't kids get this in Grade 5? I'm confused about why it's in the standards.",
                                        "tagTitle": "6.RP.A.1",
                                        "title": "Unit Rate",
                                      },
                                    ],
                                    "id": 1,
                                    "tagTitle": "6.RP.A.1",
                                  }
            }
/>,
        ],
      ],
      "className": "card-section",
    },
    "ref": null,
    "rendered": Array [
      Object {
        "instance": null,
        "key": undefined,
        "nodeType": "host",
        "props": Object {
          "children": "Discussions",
          "className": "discussions-heading",
        },
        "ref": null,
        "rendered": "Discussions",
        "type": "h2",
      },
      Object {
        "instance": null,
        "key": "1",
        "nodeType": "class",
        "props": Object {
          "comments": Array [
            Object {
              "comments": Array [
                Object {
                  "body": "Yes but it's important",
                },
                Object {
                  "body": "Here is a link to the progression docs: LINK",
                },
              ],
            },
          ],
          "discussion": Object {
            "discussions": Array [
              Object {
                "body": "Didn't kids get this in Grade 5? I'm confused about why it's in the standards.",
                "tagTitle": "6.RP.A.1",
                "title": "Unit Rate",
              },
            ],
            "id": 1,
            "tagTitle": "6.RP.A.1",
          },
        },
        "ref": null,
        "rendered": null,
        "type": [Function],
      },
    ],
    "type": "div",
  },
  Symbol(enzyme.__nodes__): Array [
    Object {
      "instance": null,
      "key": undefined,
      "nodeType": "host",
      "props": Object {
        "children": Array [
          <h2
            className="discussions-heading"
>
            Discussions
</h2>,
          Array [
            <DiscussionCard
              comments={
                            Array [
                                          Object {
                                            "comments": Array [
                                              Object {
                                                "body": "Yes but it's important",
                                              },
                                              Object {
                                                "body": "Here is a link to the progression docs: LINK",
                                              },
                                            ],
                                          },
                                        ]
              }
              discussion={
                            Object {
                                          "discussions": Array [
                                            Object {
                                              "body": "Didn't kids get this in Grade 5? I'm confused about why it's in the standards.",
                                              "tagTitle": "6.RP.A.1",
                                              "title": "Unit Rate",
                                            },
                                          ],
                                          "id": 1,
                                          "tagTitle": "6.RP.A.1",
                                        }
              }
/>,
          ],
        ],
        "className": "card-section",
      },
      "ref": null,
      "rendered": Array [
        Object {
          "instance": null,
          "key": undefined,
          "nodeType": "host",
          "props": Object {
            "children": "Discussions",
            "className": "discussions-heading",
          },
          "ref": null,
          "rendered": "Discussions",
          "type": "h2",
        },
        Object {
          "instance": null,
          "key": "1",
          "nodeType": "class",
          "props": Object {
            "comments": Array [
              Object {
                "comments": Array [
                  Object {
                    "body": "Yes but it's important",
                  },
                  Object {
                    "body": "Here is a link to the progression docs: LINK",
                  },
                ],
              },
            ],
            "discussion": Object {
              "discussions": Array [
                Object {
                  "body": "Didn't kids get this in Grade 5? I'm confused about why it's in the standards.",
                  "tagTitle": "6.RP.A.1",
                  "title": "Unit Rate",
                },
              ],
              "id": 1,
              "tagTitle": "6.RP.A.1",
            },
          },
          "ref": null,
          "rendered": null,
          "type": [Function],
        },
      ],
      "type": "div",
    },
  ],
  Symbol(enzyme.__options__): Object {
    "adapter": ReactSixteenAdapter {
      "options": Object {
        "enableComponentDidUpdateOnSetState": true,
      },
    },
  },
}
`;
